{
  "response": {
    "config": {},
    "diagnostics": [],
    "healthy": true,
    "provider": {
      "name": null,
      "publisher": null,
      "version": null
    },
    "schema": {
      "$schema": "https://schema.commonfate.io/provider/v1alpha1",
      "config": {},
      "meta": {
        "framework": "0.10.0"
      },
      "resources": {
        "loaders": {},
        "types": {}
      },
      "targets": {
        "Default": {
          "properties": {
            "group": {
              "type": "string"
            }
          },
          "type": "object"
        }
      }
    }
  }
}
