{
  "response": {
    "access_instructions": "test",
    "state": {
      "something": "something"
    }
  }
}
