{
  "response": {
    "resources": [],
    "tasks": [
      {
        "ctx": {
          "val": "test"
        },
        "task": "MyTask"
      }
    ]
  }
}
